main.c:141:5:main	16	static
main.c:242:6:SystemClock_Config	232	static
main.c:305:13:MX_RNG_Init	8	static
main.c:331:13:MX_USART2_UART_Init	8	static
main.c:366:13:MX_GPIO_Init	16	static
main.c:375:6:print_info	16	static
main.c:394:6:HAL_UART_RxCpltCallback	16	static
main.c:407:6:StartDefaultTask	72	static
main.c:543:6:StartTeller	32	static
main.c:587:6:StartTeller2	32	static
main.c:631:6:StartTeller3	32	static
main.c:669:6:HeartbeatTimerCB	40	static
main.c:686:6:HAL_TIM_PeriodElapsedCallback	16	static
main.c:710:6:Error_Handler	4	static
